
> @apps/react-canvas-reactflow-reactflow-master-app@0.1.0 build /Users/yoenzhang/Downloads/sample-apps/apps/react/canvas/libraries/reactflow/reactflow-master-app
> next build --turbopack

 ⚠ Warning: Next.js inferred your workspace root, but it may not be correct.
 We detected multiple lockfiles and selected the directory of /Users/yoenzhang/Downloads/sample-apps/pnpm-lock.yaml as the root directory.
 To silence this warning, set `turbopack.root` in your Next.js config, or consider removing one of the lockfiles if it's not needed.
   See https://nextjs.org/docs/app/api-reference/config/next-config-js/turbopack#root-directory for more information.
 Detected additional lockfiles: 
   * /Users/yoenzhang/Downloads/sample-apps/apps/react/canvas/libraries/reactflow/reactflow-master-app/package-lock.json

   ▲ Next.js 15.5.4 (Turbopack)
   - Environments: .env.local

   Creating an optimized production build ...
 ✓ Finished writing to disk in 113ms
 ✓ Compiled successfully in 2.7s
   Linting and checking validity of types ...
   Collecting page data ...
   Generating static pages (0/6) ...
   Generating static pages (1/6) 
   Generating static pages (2/6) 
   Generating static pages (4/6) 
 ✓ Generating static pages (6/6)
   Finalizing page optimization ...
   Collecting build traces ...

Route (app)                         Size  First Load JS
┌ ○ /                             119 kB         233 kB
├ ○ /_not-found                      0 B         114 kB
└ ƒ /api/velt/token                  0 B            0 B
+ First Load JS shared by all     118 kB
  ├ chunks/4bfc688147b9f95f.js   75.4 kB
  ├ chunks/69c5f3c513967b97.js   20.6 kB
  └ other shared chunks (total)  22.3 kB


○  (Static)   prerendered as static content
ƒ  (Dynamic)  server-rendered on demand

