
> @apps/master-sample-app@0.1.0 build /Users/yoenzhang/Downloads/sample-apps/apps/master-sample-app
> next build

   ▲ Next.js 15.2.4

   Creating an optimized production build ...
 ✓ Compiled successfully
   Skipping validation of types
   Skipping linting
   Collecting page data ...
   Generating static pages (0/4) ...
   Generating static pages (1/4) 
   Generating static pages (2/4) 
   Generating static pages (3/4) 
 ✓ Generating static pages (4/4)
   Finalizing page optimization ...
   Collecting build traces ...

Route (app)                                 Size  First Load JS
┌ ○ /                                    13.5 kB         114 kB
└ ○ /_not-found                            976 B         102 kB
+ First Load JS shared by all             101 kB
  ├ chunks/83c62d92-f4fdfce990d6df4e.js  53.2 kB
  ├ chunks/971-de56215cbdfca071.js       45.7 kB
  └ other shared chunks (total)           1.9 kB


○  (Static)  prerendered as static content

