
> @apps/react-canvas-reactflow-reactflow-pipeline-demo@ build /Users/yoenzhang/Downloads/sample-apps/apps/react/canvas/libraries/reactflow/reactflow-pipeline-demo
> next build

info  - Loaded env from /Users/yoenzhang/Downloads/sample-apps/apps/react/canvas/libraries/reactflow/reactflow-pipeline-demo/.env.local
warn  - You have enabled experimental feature (appDir) in next.config.js.
warn  - Experimental features are not covered by semver, and may cause unexpected or broken application behavior. Use at your own risk.
info  - Thank you for testing `appDir` please leave your feedback at https://nextjs.link/app-feedback

info  - Creating an optimized production build...
info  - Compiled successfully
info  - Skipping validation of types
info  - Skipping linting
info  - Collecting page data...
info  - Generating static pages (0/3)
info  - Generating static pages (3/3)
info  - Finalizing page optimization...

Route (app)                                Size     First Load JS
─ ○ /                                      0 B                0 B
+ First Load JS shared by all              82.8 kB
  ├ chunks/491-bda58ee342800999.js         80.4 kB
  ├ chunks/main-app-4649901cc2d2601f.js    215 B
  └ chunks/webpack-c4d7a91d79a79930.js     2.12 kB

Route (pages)                              Size     First Load JS
─ ○ /404                                   176 B          81.3 kB
+ First Load JS shared by all              81.1 kB
  ├ chunks/main-507451e2aaad50de.js        78.8 kB
  ├ chunks/pages/_app-e580c73877537413.js  191 B
  └ chunks/webpack-c4d7a91d79a79930.js     2.12 kB

○  (Static)  automatically rendered as static HTML (uses no initial props)

